[2026-04-27 19:09:36,024] [INFO] [logger] Logging initialized. Log file: logs\run_20260427_190936.log
[2026-04-27 19:09:36,024] [INFO] [main] Testing microphone stream...
[2026-04-27 19:09:36,025] [INFO] [mic_stream] Starting microphone stream...
[2026-04-27 19:09:36,252] [INFO] [mic_stream] Microphone stream started
[2026-04-27 19:09:36,377] [INFO] [main] Received audio chunk #0, size=3200 bytes
[2026-04-27 19:09:36,502] [INFO] [main] Received audio chunk #1, size=3200 bytes
[2026-04-27 19:09:36,596] [INFO] [main] Received audio chunk #2, size=3200 bytes
[2026-04-27 19:09:36,674] [INFO] [main] Received audio chunk #3, size=3200 bytes
[2026-04-27 19:09:36,797] [INFO] [main] Received audio chunk #4, size=3200 bytes
[2026-04-27 19:09:36,876] [INFO] [main] Received audio chunk #5, size=3200 bytes
[2026-04-27 19:09:37,000] [INFO] [main] Received audio chunk #6, size=3200 bytes
[2026-04-27 19:09:37,080] [INFO] [main] Received audio chunk #7, size=3200 bytes
[2026-04-27 19:09:37,190] [INFO] [main] Received audio chunk #8, size=3200 bytes
[2026-04-27 19:09:37,299] [INFO] [main] Received audio chunk #9, size=3200 bytes
[2026-04-27 19:09:37,392] [INFO] [main] Received audio chunk #10, size=3200 bytes
[2026-04-27 19:09:37,485] [INFO] [main] Received audio chunk #11, size=3200 bytes
[2026-04-27 19:09:37,594] [INFO] [main] Received audio chunk #12, size=3200 bytes
[2026-04-27 19:09:37,672] [INFO] [main] Received audio chunk #13, size=3200 bytes
[2026-04-27 19:09:37,796] [INFO] [main] Received audio chunk #14, size=3200 bytes
[2026-04-27 19:09:37,875] [INFO] [main] Received audio chunk #15, size=3200 bytes
[2026-04-27 19:09:38,001] [INFO] [main] Received audio chunk #16, size=3200 bytes
[2026-04-27 19:09:38,096] [INFO] [main] Received audio chunk #17, size=3200 bytes
[2026-04-27 19:09:38,175] [INFO] [main] Received audio chunk #18, size=3200 bytes
[2026-04-27 19:09:38,301] [INFO] [main] Received audio chunk #19, size=3200 bytes
[2026-04-27 19:09:38,394] [INFO] [main] Received audio chunk #20, size=3200 bytes
